== node holygpu7c1916.rc.fas.harvard.edu partition gpu_requeue job 39413479
name, driver_version, memory.total [MiB], mig.mode.current
NVIDIA RTX PRO 6000 Blackwell Server Edition, 595.71.05, 97887 MiB, Disabled

=== fuser_ON_(upstream_default) ===
  texpr_enabled                    True
  n_success                        2
  first_failing_call_index         2
  max_rel_err_vs_serial_fp64       None
  first error                      RuntimeError: The following operation failed in the TorchScript interpreter.
Traceback of TorchScript (most recent call last):
RuntimeError: Cannot access data pointer of Ten

=== fuser_OFF_(shipped_fix) ===
  texpr_enabled                    False
  n_success                        12
  first_failing_call_index         None
  max_rel_err_vs_serial_fp64       4.026519871858337e-15

fuser_needed=True  fix_sufficient=True
VERDICT: fix still needed AND sufficient -- workshop result stands
wrote j0b_guard_NVIDIA_RTX_PRO_6000_Blackwell_Server_Edition_torch2.13.0+cu129.json
{
 "device_name": "NVIDIA RTX PRO 6000 Blackwell Server Edition",
 "compute_capability": "12.0",
 "sm_count": 188,
 "is_mig": false,
 "texpr_fuser_enabled": false,
 "event_overhead_ms": 0.004480000119656324
}
cuequivariance or cuequivariance_torch is not available. Cuequivariance acceleration will be disabled.
  B=  1 L=1 serial        9.76 ms  IQR 0.02
  B=  1 L=1 batched      10.83 ms  IQR 0.03
  B=  1 L=2 serial       15.19 ms  IQR 0.03
  B=  1 L=2 batched      11.22 ms  IQR 0.03
  B=  1 L=3 serial       20.60 ms  IQR 0.05
  B=  1 L=3 batched      11.53 ms  IQR 0.03
  B=  1 L=4 serial       26.02 ms  IQR 0.08
  B=  1 L=4 batched      11.76 ms  IQR 0.03
  B=  1 L=8 serial       42.10 ms  IQR 0.15
  B=  1 L=8 batched      12.63 ms  IQR 0.04
  B=  4 L=1 serial        9.78 ms  IQR 0.02
  B=  4 L=1 batched      10.89 ms  IQR 0.03
  B=  4 L=2 serial       15.22 ms  IQR 0.04
  B=  4 L=2 batched      11.24 ms  IQR 0.03
  B=  4 L=3 serial       20.64 ms  IQR 0.07
  B=  4 L=3 batched      11.54 ms  IQR 0.03
  B=  4 L=4 serial       26.05 ms  IQR 0.06
  B=  4 L=4 batched      11.82 ms  IQR 0.03
  B=  4 L=8 serial       42.10 ms  IQR 0.13
  B=  4 L=8 batched      12.63 ms  IQR 0.03
  B= 16 L=1 serial        9.74 ms  IQR 0.02
  B= 16 L=1 batched      10.87 ms  IQR 0.04
  B= 16 L=2 serial       15.21 ms  IQR 0.03
  B= 16 L=2 batched      11.28 ms  IQR 0.03
  B= 16 L=3 serial       20.62 ms  IQR 0.04
  B= 16 L=3 batched      11.56 ms  IQR 0.03
  B= 16 L=4 serial       26.14 ms  IQR 0.06
  B= 16 L=4 batched      11.88 ms  IQR 0.03
  B= 16 L=8 serial       42.30 ms  IQR 0.11
  B= 16 L=8 batched      15.23 ms  IQR 0.01
  B= 64 L=1 serial       10.54 ms  IQR 0.01
  B= 64 L=1 batched      11.36 ms  IQR 0.04
  B= 64 L=2 serial       16.32 ms  IQR 0.01
  B= 64 L=2 batched      18.90 ms  IQR 0.55
  B= 64 L=3 serial       22.12 ms  IQR 0.01
  B= 64 L=3 batched      26.04 ms  IQR 0.04
  B= 64 L=4 serial       27.92 ms  IQR 0.01
  B= 64 L=4 batched      34.03 ms  IQR 0.07
  B= 64 L=8 serial       45.31 ms  IQR 0.02
  B= 64 L=8 batched      56.10 ms  IQR 0.08

wrote 40 records to results/records/j8_lane_bench_NVIDIA_RTX_PRO_6000_Blackwell_Server_Edition.jsonl
