== node holygpu8a16504.rc.fas.harvard.edu partition seas_gpu job 39479616
name, driver_version, memory.total [MiB], mig.mode.current
NVIDIA H200, 575.57.08, 143771 MiB, Disabled
NVIDIA H200, 575.57.08, 143771 MiB, Disabled
NVIDIA H200, 575.57.08, 143771 MiB, Disabled
NVIDIA H200, 575.57.08, 143771 MiB, Disabled

=== fuser_ON_(upstream_default) ===
  texpr_enabled                    True
  n_success                        2
  first_failing_call_index         2
  max_rel_err_vs_serial_fp64       None
  first error                      RuntimeError: The following operation failed in the TorchScript interpreter.
Traceback of TorchScript (most recent call last):
RuntimeError: Cannot access data pointer of Ten

=== fuser_OFF_(shipped_fix) ===
  texpr_enabled                    False
  n_success                        12
  first_failing_call_index         None
  max_rel_err_vs_serial_fp64       2.3040641488967163e-15

fuser_needed=True  fix_sufficient=True
VERDICT: fix still needed AND sufficient -- workshop result stands
wrote j0b_guard_NVIDIA_H200_torch2.13.0+cu129.json
{
 "device_name": "NVIDIA H200",
 "compute_capability": "9.0",
 "sm_count": 132,
 "is_mig": false,
 "texpr_fuser_enabled": false,
 "event_overhead_ms": 0.005216000135987997
}
cuequivariance or cuequivariance_torch is not available. Cuequivariance acceleration will be disabled.
  B=  1 L=1 serial       16.14 ms  IQR 0.07
  B=  1 L=1 batched      18.12 ms  IQR 0.04
  B=  1 L=2 serial       24.82 ms  IQR 0.08
  B=  1 L=2 batched      18.68 ms  IQR 0.09
  B=  1 L=3 serial       33.42 ms  IQR 0.16
  B=  1 L=3 batched      19.07 ms  IQR 0.09
  B=  1 L=4 serial       41.99 ms  IQR 0.12
  B=  1 L=4 batched      18.06 ms  IQR 0.04
  B=  1 L=8 serial       71.03 ms  IQR 0.16
  B=  1 L=8 batched      19.44 ms  IQR 0.18
  B=  4 L=1 serial       16.30 ms  IQR 0.04
  B=  4 L=1 batched      18.25 ms  IQR 0.06
  B=  4 L=2 serial       24.99 ms  IQR 0.07
  B=  4 L=2 batched      18.75 ms  IQR 0.10
  B=  4 L=3 serial       33.45 ms  IQR 0.10
  B=  4 L=3 batched      19.13 ms  IQR 0.09
  B=  4 L=4 serial       42.14 ms  IQR 0.21
  B=  4 L=4 batched      19.52 ms  IQR 0.07
  B=  4 L=8 serial       71.54 ms  IQR 0.38
  B=  4 L=8 batched      19.58 ms  IQR 0.05
  B= 16 L=1 serial       15.00 ms  IQR 1.33
  B= 16 L=1 batched      18.34 ms  IQR 0.07
  B= 16 L=2 serial       25.03 ms  IQR 0.13
  B= 16 L=2 batched      18.95 ms  IQR 0.05
  B= 16 L=3 serial       33.80 ms  IQR 0.14
  B= 16 L=3 batched      19.47 ms  IQR 0.06
  B= 16 L=4 serial       42.56 ms  IQR 0.24
  B= 16 L=4 batched      19.84 ms  IQR 0.06
  B= 16 L=8 serial       72.07 ms  IQR 0.17
  B= 16 L=8 batched      19.95 ms  IQR 0.06
  B= 64 L=1 serial       15.10 ms  IQR 0.03
  B= 64 L=1 batched      18.48 ms  IQR 0.12
  B= 64 L=2 serial       25.27 ms  IQR 0.08
  B= 64 L=2 batched      17.62 ms  IQR 1.49
  B= 64 L=3 serial       31.47 ms  IQR 0.07
  B= 64 L=3 batched      21.56 ms  IQR 0.03
  B= 64 L=4 serial       42.70 ms  IQR 0.15
  B= 64 L=4 batched      26.13 ms  IQR 0.04
  B= 64 L=8 serial       72.60 ms  IQR 0.12
  B= 64 L=8 batched      43.93 ms  IQR 0.03

wrote 40 records to results/records/j8_lane_bench_NVIDIA_H200.jsonl
