== node holygpu8a27402.rc.fas.harvard.edu partition gpu_requeue job 39475272
name, driver_version, memory.total [MiB], mig.mode.current
NVIDIA A100-SXM4-80GB, 575.57.08, 81920 MiB, Disabled

=== fuser_ON_(upstream_default) ===
  texpr_enabled                    True
  n_success                        2
  first_failing_call_index         2
  max_rel_err_vs_serial_fp64       None
  first error                      RuntimeError: The following operation failed in the TorchScript interpreter.
Traceback of TorchScript (most recent call last):
RuntimeError: Cannot access data pointer of Ten

=== fuser_OFF_(shipped_fix) ===
  texpr_enabled                    False
  n_success                        12
  first_failing_call_index         None
  max_rel_err_vs_serial_fp64       1.923781716554541e-15

fuser_needed=True  fix_sufficient=True
VERDICT: fix still needed AND sufficient -- workshop result stands
wrote j0b_guard_NVIDIA_A100-SXM4-80GB_torch2.13.0+cu129.json
{
 "device_name": "NVIDIA A100-SXM4-80GB",
 "compute_capability": "8.0",
 "sm_count": 108,
 "is_mig": false,
 "texpr_fuser_enabled": false,
 "event_overhead_ms": 0.010015999898314476
}
cuequivariance or cuequivariance_torch is not available. Cuequivariance acceleration will be disabled.
  B=  1 L=1 serial       60.75 ms  IQR 5.04
  B=  1 L=1 batched      60.80 ms  IQR 2.49
  B=  1 L=2 serial       74.82 ms  IQR 2.86
  B=  1 L=2 batched      61.11 ms  IQR 1.46
  B=  1 L=3 serial       96.21 ms  IQR 7.22
  B=  1 L=3 batched      61.26 ms  IQR 1.78
  B=  1 L=4 serial      112.42 ms  IQR 0.62
  B=  1 L=4 batched      61.09 ms  IQR 1.02
  B=  1 L=8 serial      192.51 ms  IQR 5.62
  B=  1 L=8 batched      64.08 ms  IQR 2.57
  B=  4 L=1 serial       60.75 ms  IQR 4.22
  B=  4 L=1 batched      59.86 ms  IQR 4.21
  B=  4 L=2 serial       71.76 ms  IQR 1.34
  B=  4 L=2 batched      60.85 ms  IQR 2.58
  B=  4 L=3 serial       91.82 ms  IQR 0.52
  B=  4 L=3 batched      61.05 ms  IQR 1.51
  B=  4 L=4 serial      112.02 ms  IQR 1.03
  B=  4 L=4 batched      61.22 ms  IQR 1.15
  B=  4 L=8 serial      192.35 ms  IQR 6.66
  B=  4 L=8 batched      64.37 ms  IQR 6.79
  B= 16 L=1 serial       60.89 ms  IQR 3.09
  B= 16 L=1 batched      60.93 ms  IQR 2.45
  B= 16 L=2 serial       72.06 ms  IQR 2.15
  B= 16 L=2 batched      61.03 ms  IQR 1.68
  B= 16 L=3 serial       91.77 ms  IQR 0.47
  B= 16 L=3 batched      61.18 ms  IQR 1.59
  B= 16 L=4 serial      112.27 ms  IQR 0.69
  B= 16 L=4 batched      61.12 ms  IQR 0.45
  B= 16 L=8 serial      193.89 ms  IQR 0.61
  B= 16 L=8 batched      66.37 ms  IQR 3.26
  B= 64 L=1 serial       59.46 ms  IQR 5.42
  B= 64 L=1 batched      61.06 ms  IQR 1.66
  B= 64 L=2 serial       81.17 ms  IQR 7.26
  B= 64 L=2 batched      60.63 ms  IQR 3.86
  B= 64 L=3 serial       91.96 ms  IQR 0.68
  B= 64 L=3 batched      61.18 ms  IQR 1.22
  B= 64 L=4 serial      116.28 ms  IQR 7.26
  B= 64 L=4 batched      61.97 ms  IQR 1.20
  B= 64 L=8 serial      194.01 ms  IQR 3.28
  B= 64 L=8 batched     103.33 ms  IQR 1.07

wrote 40 records to results/records/j8_lane_bench_NVIDIA_A100-SXM4-80GB.jsonl
