== node holygpu8a27402.rc.fas.harvard.edu partition gpu_requeue job 39475271
NVIDIA A100-SXM4-80GB, 81920 MiB, Disabled
{
 "device_name": "NVIDIA A100-SXM4-80GB",
 "compute_capability": "8.0",
 "sm_count": 108,
 "is_mig": false,
 "texpr_fuser_enabled": false,
 "event_overhead_ms": 0.015615999698638916
}
cuequivariance or cuequivariance_torch is not available. Cuequivariance acceleration will be disabled.
  B=  1 L=1 serial       57.25 ms  IQR 4.47
  B=  1 L=1 batched      61.50 ms  IQR 5.17
  B=  1 L=2 serial       82.28 ms  IQR 5.01
  B=  1 L=2 batched      61.73 ms  IQR 1.82
  B=  1 L=3 serial      101.98 ms  IQR 6.32
  B=  1 L=3 batched      61.56 ms  IQR 1.15
  B=  1 L=4 serial      121.36 ms  IQR 5.48
  B=  1 L=4 batched      62.53 ms  IQR 4.52
  B=  1 L=8 serial      204.25 ms  IQR 3.34
  B=  1 L=8 batched      70.80 ms  IQR 3.38
  B=  2 L=1 serial       57.40 ms  IQR 4.44
  B=  2 L=1 batched      60.83 ms  IQR 2.70
  B=  2 L=2 serial       80.04 ms  IQR 4.91
  B=  2 L=2 batched      61.00 ms  IQR 0.69
  B=  2 L=3 serial      102.30 ms  IQR 5.98
  B=  2 L=3 batched      61.53 ms  IQR 1.42
  B=  2 L=4 serial      122.52 ms  IQR 6.60
  B=  2 L=4 batched      61.47 ms  IQR 2.26
  B=  2 L=8 serial      204.34 ms  IQR 2.79
  B=  2 L=8 batched      85.31 ms  IQR 0.44
  B=  4 L=1 serial       57.88 ms  IQR 6.60
  B=  4 L=1 batched      60.74 ms  IQR 3.68
  B=  4 L=2 serial       81.64 ms  IQR 4.86
  B=  4 L=2 batched      61.55 ms  IQR 1.56
  B=  4 L=3 serial      102.67 ms  IQR 6.41
  B=  4 L=3 batched      69.93 ms  IQR 2.43
  B=  4 L=4 serial      121.90 ms  IQR 7.14
  B=  4 L=4 batched      88.45 ms  IQR 0.99
  B=  4 L=8 serial      203.72 ms  IQR 3.33
  B=  4 L=8 batched     150.43 ms  IQR 1.23
  B=  8 L=1 serial       57.19 ms  IQR 4.41
  B=  8 L=1 batched      61.03 ms  IQR 7.63
  B=  8 L=2 serial       84.68 ms  IQR 1.67
  B=  8 L=2 batched      93.89 ms  IQR 0.90
  B=  8 L=3 serial      115.79 ms  IQR 1.69
  B=  8 L=3 batched     123.22 ms  IQR 0.74
  B=  8 L=4 serial      147.74 ms  IQR 0.62
  B=  8 L=4 batched     153.37 ms  IQR 0.53
  B=  8 L=8 serial      265.73 ms  IQR 0.93
  B=  8 L=8 batched     270.62 ms  IQR 1.72
  B= 16 L=1 serial       99.34 ms  IQR 1.17
  B= 16 L=1 batched     105.03 ms  IQR 1.26
  B= 16 L=2 serial      155.33 ms  IQR 0.92
  B= 16 L=2 batched     164.00 ms  IQR 0.74
  B= 16 L=3 serial      212.08 ms  IQR 1.33
  B= 16 L=3 batched     222.26 ms  IQR 1.15
  B= 16 L=4 serial      268.38 ms  IQR 1.20
  B= 16 L=4 batched     279.95 ms  IQR 1.21
  B= 16 L=8 serial      493.34 ms  IQR 0.92
  B= 16 L=8 batched     515.52 ms  IQR 1.33
  B= 32 L=1 serial      181.17 ms  IQR 1.31
  B= 32 L=1 batched     189.62 ms  IQR 1.14
  B= 32 L=2 serial      291.95 ms  IQR 1.34
  B= 32 L=2 batched     306.98 ms  IQR 0.67
  B= 32 L=3 serial      402.69 ms  IQR 1.24
  B= 32 L=3 batched     423.26 ms  IQR 0.75
  B= 32 L=4 serial      513.15 ms  IQR 0.84
  B= 32 L=4 batched     540.62 ms  IQR 0.60
  B= 32 L=8 serial      956.95 ms  IQR 1.54
  B= 32 L=8 batched    1009.91 ms  IQR 1.36

wrote 60 records to results/records/j8_lane_bench_water_NVIDIA_A100-SXM4-80GB.jsonl
